src/__tests__/ChoiceEditor.4results.test.tsx(35,15): error TS2352: Conversion of type '(state: GraphState) => unknown' to type '(s: { nodes: { id: string; type: string; data: {}; }[]; edges: never[]; isGenerating: boolean; connectNodes: Mock<Procedure>; disconnectNodes: Mock<Procedure>; }) => unknown' may be a mistake because neither type sufficiently overlaps with the other. If this was intentional, convert the expression to 'unknown' first.
  Types of parameters 'state' and 's' are incompatible.
    Type '{ nodes: { id: string; type: string; data: {}; }[]; edges: never[]; isGenerating: boolean; connectNodes: Mock<Procedure>; disconnectNodes: Mock<Procedure>; }' is missing the following properties from type 'GraphState': selectedNodeId, selectedNodeIds, dialogueMetadata, isLoading, and 72 more.
src/__tests__/ChoiceEditor.4results.test.tsx(50,9): error TS2322: Type '{ id: string; title?: string | undefined; speaker?: string | undefined; line?: string | undefined; choices?: { text: string; choiceId?: string | undefined; targetNode?: string | undefined; ... 10 more ...; respectDelta?: number | undefined; }[] | undefined; ... 5 more ...; gddContextSelectionsSnapshot?: Record<...> ...' is not assignable to type '{ id?: string | undefined; title?: string | undefined; speaker?: string | undefined; line?: string | undefined; choices?: ({ text?: string | undefined; choiceId?: string | undefined; ... 11 more ...; respectDelta?: number | undefined; } | undefined)[] | undefined; ... 5 more ...; gddContextSelectionsSnapshot?: { ......'.
  Object literal may only specify known properties, and 'type' does not exist in type '{ id?: string | undefined; title?: string | undefined; speaker?: string | undefined; line?: string | undefined; choices?: ({ text?: string | undefined; choiceId?: string | undefined; ... 11 more ...; respectDelta?: number | undefined; } | undefined)[] | undefined; ... 5 more ...; gddContextSelectionsSnapshot?: { ......'.
src/__tests__/ChoiceEditor.4results.test.tsx(65,7): error TS2353: Object literal may only specify known properties, and 'type' does not exist in type '{ id: string; title?: string | undefined; speaker?: string | undefined; line?: string | undefined; choices?: { text: string; choiceId?: string | undefined; targetNode?: string | undefined; ... 10 more ...; respectDelta?: number | undefined; }[] | undefined; ... 5 more ...; gddContextSelectionsSnapshot?: Record<...> ...'.
src/__tests__/ChoiceEditor.4results.test.tsx(91,7): error TS2353: Object literal may only specify known properties, and 'type' does not exist in type '{ id: string; title?: string | undefined; speaker?: string | undefined; line?: string | undefined; choices?: { text: string; choiceId?: string | undefined; targetNode?: string | undefined; ... 10 more ...; respectDelta?: number | undefined; }[] | undefined; ... 5 more ...; gddContextSelectionsSnapshot?: Record<...> ...'.
src/__tests__/ChoiceEditor.4results.test.tsx(116,7): error TS2353: Object literal may only specify known properties, and 'type' does not exist in type '{ id: string; title?: string | undefined; speaker?: string | undefined; line?: string | undefined; choices?: { text: string; choiceId?: string | undefined; targetNode?: string | undefined; ... 10 more ...; respectDelta?: number | undefined; }[] | undefined; ... 5 more ...; gddContextSelectionsSnapshot?: Record<...> ...'.
src/__tests__/DialogueLoader.race.test.ts(61,9): error TS2353: Object literal may only specify known properties, and 'node_count' does not exist in type 'UnityDialogueMetadata'.
src/__tests__/DialogueLoader.race.test.ts(83,9): error TS2353: Object literal may only specify known properties, and 'node_count' does not exist in type 'UnityDialogueMetadata'.
src/__tests__/documentToGraph.test.ts(25,41): error TS2345: Argument of type 'UnityDocument' is not assignable to parameter of type 'Record<string, unknown> | UnityNode[]'.
  Type 'UnityDocument' is not assignable to type 'Record<string, unknown>'.
    Index signature for type 'string' is missing in type 'UnityDocument'.
src/__tests__/documentToGraph.test.ts(47,48): error TS2345: Argument of type 'UnityDocument' is not assignable to parameter of type 'Record<string, unknown> | UnityNode[]'.
  Type 'UnityDocument' is not assignable to type 'Record<string, unknown>'.
    Index signature for type 'string' is missing in type 'UnityDocument'.
src/__tests__/documentToGraph.test.ts(90,34): error TS2345: Argument of type 'UnityDocument' is not assignable to parameter of type 'Record<string, unknown> | UnityNode[]'.
  Type 'UnityDocument' is not assignable to type 'Record<string, unknown>'.
    Index signature for type 'string' is missing in type 'UnityDocument'.
src/__tests__/documentToGraph.test.ts(91,34): error TS2345: Argument of type 'UnityDocument' is not assignable to parameter of type 'Record<string, unknown> | UnityNode[]'.
  Type 'UnityDocument' is not assignable to type 'Record<string, unknown>'.
    Index signature for type 'string' is missing in type 'UnityDocument'.
src/__tests__/documentToGraph.test.ts(118,43): error TS2345: Argument of type 'UnityDocument' is not assignable to parameter of type 'Record<string, unknown> | UnityNode[]'.
  Type 'UnityDocument' is not assignable to type 'Record<string, unknown>'.
    Index signature for type 'string' is missing in type 'UnityDocument'.
src/__tests__/documentToGraph.test.ts(151,48): error TS2345: Argument of type 'UnityDocument' is not assignable to parameter of type 'Record<string, unknown> | UnityNode[]'.
  Type 'UnityDocument' is not assignable to type 'Record<string, unknown>'.
    Index signature for type 'string' is missing in type 'UnityDocument'.
src/__tests__/documentToGraph.test.ts(179,41): error TS2345: Argument of type 'UnityDocument' is not assignable to parameter of type 'Record<string, unknown> | UnityNode[]'.
  Type 'UnityDocument' is not assignable to type 'Record<string, unknown>'.
    Index signature for type 'string' is missing in type 'UnityDocument'.
src/__tests__/documentToGraph.test.ts(205,41): error TS2345: Argument of type 'UnityDocument' is not assignable to parameter of type 'Record<string, unknown> | UnityNode[]'.
  Type 'UnityDocument' is not assignable to type 'Record<string, unknown>'.
    Index signature for type 'string' is missing in type 'UnityDocument'.
src/__tests__/documentToGraph.test.ts(234,41): error TS2345: Argument of type 'UnityDocument' is not assignable to parameter of type 'Record<string, unknown> | UnityNode[]'.
  Type 'UnityDocument' is not assignable to type 'Record<string, unknown>'.
    Index signature for type 'string' is missing in type 'UnityDocument'.
src/__tests__/documentToGraph.test.ts(257,41): error TS2345: Argument of type 'UnityDocument' is not assignable to parameter of type 'Record<string, unknown> | UnityNode[]'.
  Type 'UnityDocument' is not assignable to type 'Record<string, unknown>'.
    Index signature for type 'string' is missing in type 'UnityDocument'.
src/__tests__/documentToGraph.test.ts(281,41): error TS2345: Argument of type 'UnityDocument' is not assignable to parameter of type 'Record<string, unknown> | UnityNode[]'.
  Type 'UnityDocument' is not assignable to type 'Record<string, unknown>'.
    Index signature for type 'string' is missing in type 'UnityDocument'.
src/__tests__/documentToGraph.test.ts(308,41): error TS2345: Argument of type 'UnityDocument' is not assignable to parameter of type 'Record<string, unknown> | UnityNode[]'.
  Type 'UnityDocument' is not assignable to type 'Record<string, unknown>'.
    Index signature for type 'string' is missing in type 'UnityDocument'.
src/__tests__/documentToGraph.test.ts(329,41): error TS2345: Argument of type 'UnityDocument' is not assignable to parameter of type 'Record<string, unknown> | UnityNode[]'.
  Type 'UnityDocument' is not assignable to type 'Record<string, unknown>'.
    Index signature for type 'string' is missing in type 'UnityDocument'.
src/__tests__/documentToGraph.test.ts(352,41): error TS2345: Argument of type 'UnityDocument' is not assignable to parameter of type 'Record<string, unknown> | UnityNode[]'.
  Type 'UnityDocument' is not assignable to type 'Record<string, unknown>'.
    Index signature for type 'string' is missing in type 'UnityDocument'.
src/__tests__/documentToGraph.test.ts(392,46): error TS2345: Argument of type 'UnityDocument' is not assignable to parameter of type 'Record<string, unknown> | UnityNode[]'.
  Type 'UnityDocument' is not assignable to type 'Record<string, unknown>'.
    Index signature for type 'string' is missing in type 'UnityDocument'.
src/__tests__/duplicateNode.test.ts(61,12): error TS18046: 'dupData.choices' is of type 'unknown'.
src/__tests__/duplicateNode.test.ts(62,12): error TS18046: 'dupData.choices' is of type 'unknown'.
src/__tests__/duplicateNode.test.ts(63,12): error TS18046: 'dupData.choices' is of type 'unknown'.
src/__tests__/duplicateNode.test.ts(64,12): error TS18046: 'dupData.choices' is of type 'unknown'.
src/__tests__/duplicateNode.test.ts(65,12): error TS18046: 'dupData.choices' is of type 'unknown'.
src/__tests__/duplicateNode.test.ts(66,12): error TS18046: 'dupData.choices' is of type 'unknown'.
src/__tests__/duplicateNode.test.ts(67,12): error TS18046: 'dupData.choices' is of type 'unknown'.
src/__tests__/duplicateNode.test.ts(68,12): error TS18046: 'dupData.choices' is of type 'unknown'.
src/__tests__/generationStore.test.ts(5,36): error TS2307: Cannot find module '@/store/generationStore' or its corresponding type declarations.
src/__tests__/GraphCanvas.virtualization.test.tsx(252,43): error TS2352: Conversion of type '{ id: string; type: string; position: { x: number; y: number; }; data: { id: string; }; selected: boolean; xPos: number; yPos: number; width: number; height: number; measured: { width: number; height: number; }; dragging: boolean; }' to type 'Pick<WrapNodeProps<DialogueNodeData>, "id" | "data" | "type" | "selected" | "zIndex" | "dragHandle" | "isConnectable" | "xPos" | "yPos"> & { ...; }' may be a mistake because neither type sufficiently overlaps with the other. If this was intentional, convert the expression to 'unknown' first.
  Type '{ id: string; type: string; position: { x: number; y: number; }; data: { id: string; }; selected: boolean; xPos: number; yPos: number; width: number; height: number; measured: { width: number; height: number; }; dragging: boolean; }' is missing the following properties from type 'Pick<WrapNodeProps<DialogueNodeData>, "id" | "data" | "type" | "selected" | "zIndex" | "dragHandle" | "isConnectable" | "xPos" | "yPos">': zIndex, isConnectable
src/__tests__/GraphCanvas.virtualization.test.tsx(265,39): error TS2352: Conversion of type '{ id: string; type: string; position: { x: number; y: number; }; data: { id: string; }; selected: boolean; xPos: number; yPos: number; width: number; height: number; measured: { width: number; height: number; }; dragging: boolean; }' to type 'Pick<WrapNodeProps<TestNodeData>, "id" | "data" | "type" | "selected" | "zIndex" | "dragHandle" | "isConnectable" | "xPos" | "yPos"> & { ...; }' may be a mistake because neither type sufficiently overlaps with the other. If this was intentional, convert the expression to 'unknown' first.
  Type '{ id: string; type: string; position: { x: number; y: number; }; data: { id: string; }; selected: boolean; xPos: number; yPos: number; width: number; height: number; measured: { width: number; height: number; }; dragging: boolean; }' is missing the following properties from type 'Pick<WrapNodeProps<TestNodeData>, "id" | "data" | "type" | "selected" | "zIndex" | "dragHandle" | "isConnectable" | "xPos" | "yPos">': zIndex, isConnectable
src/__tests__/GraphCanvas.virtualization.test.tsx(277,38): error TS2352: Conversion of type '{ id: string; type: string; position: { x: number; y: number; }; data: { id: string; }; selected: boolean; xPos: number; yPos: number; width: number; height: number; measured: { width: number; height: number; }; dragging: boolean; }' to type 'Pick<WrapNodeProps<EndNodeData>, "id" | "data" | "type" | "selected" | "zIndex" | "dragHandle" | "isConnectable" | "xPos" | "yPos"> & { ...; }' may be a mistake because neither type sufficiently overlaps with the other. If this was intentional, convert the expression to 'unknown' first.
  Type '{ id: string; type: string; position: { x: number; y: number; }; data: { id: string; }; selected: boolean; xPos: number; yPos: number; width: number; height: number; measured: { width: number; height: number; }; dragging: boolean; }' is missing the following properties from type 'Pick<WrapNodeProps<EndNodeData>, "id" | "data" | "type" | "selected" | "zIndex" | "dragHandle" | "isConnectable" | "xPos" | "yPos">': zIndex, isConnectable
src/__tests__/GraphEditorHeader.undoRedo.test.tsx(11,3): error TS2322: Type '{ showAutoLayoutDropdown: boolean; setShowAutoLayoutDropdown: (v: boolean | ((prev: boolean) => boolean)) => void; showActionsDropdown: boolean; setShowActionsDropdown: (v: boolean | ((prev: boolean) => boolean)) => void; ... 31 more ...; canRedoNow?: boolean | undefined; }' is not assignable to type 'UseGraphToolbarReturn'.
  Types of property 'canUndoNow' are incompatible.
    Type 'boolean | undefined' is not assignable to type 'boolean'.
      Type 'undefined' is not assignable to type 'boolean'.
src/__tests__/graphFilterUtils.test.ts(84,53): error TS2554: Expected 2 arguments, but got 3.
src/__tests__/graphFilterUtils.test.ts(90,47): error TS2554: Expected 2 arguments, but got 3.
src/__tests__/graphStore.acceptReject.test.ts(5,31): error TS2307: Cannot find module '@/store/graphStore' or its corresponding type declarations.
src/__tests__/graphStore.acceptReject.test.ts(6,27): error TS2307: Cannot find module '@/api/graph' or its corresponding type declarations.
src/__tests__/graphStore.acceptReject.test.ts(54,57): error TS7006: Parameter 'n' implicitly has an 'any' type.
src/__tests__/graphStore.acceptReject.test.ts(85,57): error TS7006: Parameter 'n' implicitly has an 'any' type.
src/__tests__/graphStore.acceptReject.test.ts(87,45): error TS2307: Cannot find module '@/components/shared/Toast' or its corresponding type declarations.
src/__tests__/graphStore.acceptReject.test.ts(127,51): error TS7006: Parameter 'n' implicitly has an 'any' type.
src/__tests__/graphStore.acceptReject.test.ts(156,51): error TS7006: Parameter 'n' implicitly has an 'any' type.
src/__tests__/graphStore.acceptReject.test.ts(190,51): error TS7006: Parameter 'n' implicitly has an 'any' type.
src/__tests__/graphStore.acceptReject.test.ts(191,54): error TS7006: Parameter 'n' implicitly has an 'any' type.
src/__tests__/graphStore.acceptReject.test.ts(227,51): error TS7006: Parameter 'n' implicitly has an 'any' type.
src/__tests__/graphStore.acceptReject.test.ts(228,54): error TS7006: Parameter 'n' implicitly has an 'any' type.
src/__tests__/graphStore.acceptReject.test.ts(255,66): error TS7006: Parameter 'n' implicitly has an 'any' type.
src/__tests__/graphStore.acceptReject.test.ts(290,58): error TS7006: Parameter 'n' implicitly has an 'any' type.
src/__tests__/graphStore.acceptReject.test.ts(291,58): error TS7006: Parameter 'n' implicitly has an 'any' type.
src/__tests__/graphStore.autoLayout.test.ts(138,9): error TS2353: Object literal may only specify known properties, and 'measured' does not exist in type 'Node'.
src/__tests__/graphStore.autoLayout.test.ts(147,9): error TS2353: Object literal may only specify known properties, and 'measured' does not exist in type 'Node'.
src/__tests__/graphStore.documents.test.ts(279,49): error TS2339: Property 'find' does not exist on type '{}'.
src/__tests__/graphStore.documents.test.ts(313,37): error TS2339: Property 'find' does not exist on type '{}'.
src/__tests__/graphStore.documents.test.ts(359,48): error TS2339: Property 'find' does not exist on type '{}'.
src/__tests__/graphStore.regenerate.test.ts(5,31): error TS2307: Cannot find module '@/store/graphStore' or its corresponding type declarations.
src/__tests__/graphStore.regenerate.test.ts(6,27): error TS2307: Cannot find module '@/api/graph' or its corresponding type declarations.
src/__tests__/graphStore.regenerate.test.ts(43,60): error TS7006: Parameter 'n' implicitly has an 'any' type.
src/__tests__/graphStore.regenerate.test.ts(64,60): error TS7006: Parameter 'n' implicitly has an 'any' type.
src/__tests__/graphStore.regenerate.test.ts(99,66): error TS7006: Parameter 'n' implicitly has an 'any' type.
src/__tests__/graphStore.regenerate.test.ts(140,60): error TS7006: Parameter 'n' implicitly has an 'any' type.
src/__tests__/graphStore.regenerate.test.ts(149,26): error TS7006: Parameter 'e' implicitly has an 'any' type.
src/__tests__/graphStore.search.test.ts(5,31): error TS2307: Cannot find module '@/store/graphStore' or its corresponding type declarations.
src/__tests__/graphStore.search.test.ts(117,31): error TS7006: Parameter 's' implicitly has an 'any' type.
src/__tests__/graphStore.test.ts(61,30): error TS2683: 'this' implicitly has type 'any' because it does not have a type annotation.
src/__tests__/graphStore.test.ts(120,30): error TS2683: 'this' implicitly has type 'any' because it does not have a type annotation.
src/__tests__/NodeEditorPanel.connectionResync.test.tsx(86,49): error TS2345: Argument of type '(selector?: (s: Record<string, unknown>) => unknown) => unknown' is not assignable to parameter of type '(selector: (state: GraphState) => unknown, equalityFn: (a: unknown, b: unknown) => boolean) => unknown'.
  Types of parameters 'selector' and 'selector' are incompatible.
    Type '(state: GraphState) => unknown' is not assignable to type '(s: Record<string, unknown>) => unknown'.
      Types of parameters 'state' and 's' are incompatible.
        Type 'Record<string, unknown>' is missing the following properties from type 'GraphState': nodes, edges, selectedNodeId, selectedNodeIds, and 77 more.
src/__tests__/NodeEditorPanel.connectionResync.test.tsx(109,49): error TS2345: Argument of type '(selector?: (s: Record<string, unknown>) => unknown) => unknown' is not assignable to parameter of type '(selector: (state: GraphState) => unknown, equalityFn: (a: unknown, b: unknown) => boolean) => unknown'.
  Types of parameters 'selector' and 'selector' are incompatible.
    Type '(state: GraphState) => unknown' is not assignable to type '(s: Record<string, unknown>) => unknown'.
      Types of parameters 'state' and 's' are incompatible.
        Type 'Record<string, unknown>' is missing the following properties from type 'GraphState': nodes, edges, selectedNodeId, selectedNodeIds, and 77 more.
src/__tests__/NodeEditorPanel.debouncePush.test.tsx(61,49): error TS2345: Argument of type '(selector?: (s: unknown) => unknown) => unknown' is not assignable to parameter of type '(selector: (state: GraphState) => unknown, equalityFn: (a: unknown, b: unknown) => boolean) => unknown'.
  Types of parameters 'selector' and 'selector' are incompatible.
    Type '(state: GraphState) => unknown' is not assignable to type '(s: unknown) => unknown'.
      Types of parameters 'state' and 's' are incompatible.
        Type 'unknown' is not assignable to type 'GraphState'.
src/__tests__/NodeEditorPanel.selectionFlush.test.tsx(92,49): error TS2345: Argument of type '(selector?: (s: Record<string, unknown>) => unknown) => unknown' is not assignable to parameter of type '(selector: (state: GraphState) => unknown, equalityFn: (a: unknown, b: unknown) => boolean) => unknown'.
  Types of parameters 'selector' and 'selector' are incompatible.
    Type '(state: GraphState) => unknown' is not assignable to type '(s: Record<string, unknown>) => unknown'.
      Types of parameters 'state' and 's' are incompatible.
        Type 'Record<string, unknown>' is missing the following properties from type 'GraphState': nodes, edges, selectedNodeId, selectedNodeIds, and 77 more.
src/__tests__/NodeEditorPanel.selectionFlush.test.tsx(119,9): error TS2345: Argument of type '(selector?: (s: Record<string, unknown>) => unknown) => unknown' is not assignable to parameter of type '(selector: (state: GraphState) => unknown, equalityFn: (a: unknown, b: unknown) => boolean) => unknown'.
  Types of parameters 'selector' and 'selector' are incompatible.
    Type '(state: GraphState) => unknown' is not assignable to type '(s: Record<string, unknown>) => unknown'.
      Types of parameters 'state' and 's' are incompatible.
        Type 'Record<string, unknown>' is missing the following properties from type 'GraphState': nodes, edges, selectedNodeId, selectedNodeIds, and 77 more.
src/__tests__/NodeEditorPanel.selectionFlush.test.tsx(197,49): error TS2345: Argument of type '(selector?: (s: Record<string, unknown>) => unknown) => unknown' is not assignable to parameter of type '(selector: (state: GraphState) => unknown, equalityFn: (a: unknown, b: unknown) => boolean) => unknown'.
  Types of parameters 'selector' and 'selector' are incompatible.
    Type '(state: GraphState) => unknown' is not assignable to type '(s: Record<string, unknown>) => unknown'.
      Types of parameters 'state' and 's' are incompatible.
        Type 'Record<string, unknown>' is missing the following properties from type 'GraphState': nodes, edges, selectedNodeId, selectedNodeIds, and 77 more.
src/__tests__/NodeEditorPanel.selectionFlush.test.tsx(237,9): error TS2345: Argument of type '(selector?: (s: Record<string, unknown>) => unknown) => unknown' is not assignable to parameter of type '(selector: (state: GraphState) => unknown, equalityFn: (a: unknown, b: unknown) => boolean) => unknown'.
  Types of parameters 'selector' and 'selector' are incompatible.
    Type '(state: GraphState) => unknown' is not assignable to type '(s: Record<string, unknown>) => unknown'.
      Types of parameters 'state' and 's' are incompatible.
        Type 'Record<string, unknown>' is missing the following properties from type 'GraphState': nodes, edges, selectedNodeId, selectedNodeIds, and 77 more.
src/__tests__/NodeEditorPanel.testNode.4results.test.tsx(62,49): error TS2345: Argument of type '(selector?: (s: unknown) => unknown) => unknown' is not assignable to parameter of type '(selector: (state: GraphState) => unknown, equalityFn: (a: unknown, b: unknown) => boolean) => unknown'.
  Types of parameters 'selector' and 'selector' are incompatible.
    Type '(state: GraphState) => unknown' is not assignable to type '(s: unknown) => unknown'.
      Types of parameters 'state' and 's' are incompatible.
        Type 'unknown' is not assignable to type 'GraphState'.
src/__tests__/NodeEditorPanel.testNode.4results.test.tsx(135,49): error TS2345: Argument of type '(selector?: (s: unknown) => unknown) => unknown' is not assignable to parameter of type '(selector: (state: GraphState) => unknown, equalityFn: (a: unknown, b: unknown) => boolean) => unknown'.
  Types of parameters 'selector' and 'selector' are incompatible.
    Type '(state: GraphState) => unknown' is not assignable to type '(s: unknown) => unknown'.
      Types of parameters 'state' and 's' are incompatible.
        Type 'unknown' is not assignable to type 'GraphState'.
src/__tests__/presetStore.test.ts(441,18): error TS18046: 'error' is of type 'unknown'.
src/__tests__/promptParsing.integration.test.ts(10,37): error TS2307: Cannot find module '@/hooks/usePromptPreview' or its corresponding type declarations.
src/__tests__/promptParsing.integration.test.ts(38,37): error TS7006: Parameter 's' implicitly has an 'any' type.
src/__tests__/promptParsing.integration.test.ts(69,40): error TS7006: Parameter 's' implicitly has an 'any' type.
src/__tests__/promptParsing.integration.test.ts(70,44): error TS7006: Parameter 't' implicitly has an 'any' type.
src/__tests__/promptParsing.integration.test.ts(71,44): error TS7006: Parameter 't' implicitly has an 'any' type.
src/__tests__/promptParsing.integration.test.ts(72,45): error TS7006: Parameter 't' implicitly has an 'any' type.
src/__tests__/promptParsing.integration.test.ts(73,45): error TS7006: Parameter 't' implicitly has an 'any' type.
src/__tests__/promptParsing.integration.test.ts(74,44): error TS7006: Parameter 't' implicitly has an 'any' type.
src/__tests__/TestNode.test.tsx(11,15): error TS2741: Property 'id' is missing in type 'Record<string, unknown>' but required in type 'TestNodeData'.
src/__tests__/useDialogueLoader.test.ts(45,9): error TS2353: Object literal may only specify known properties, and 'node_count' does not exist in type 'UnityDialogueMetadata'.
src/__tests__/useDialogueLoader.test.ts(73,9): error TS2353: Object literal may only specify known properties, and 'node_count' does not exist in type 'UnityDialogueMetadata'.
src/__tests__/useDialogueLoader.test.ts(153,9): error TS2353: Object literal may only specify known properties, and 'node_count' does not exist in type 'UnityDialogueMetadata'.
src/__tests__/useDialogueLoader.test.ts(194,9): error TS2353: Object literal may only specify known properties, and 'node_count' does not exist in type 'UnityDialogueMetadata'.
src/__tests__/useLLMStore.test.ts(89,41): error TS2345: Argument of type '{ api_identifier: string; display_name: string; client_type: string; parameters: { default_temperature: number; max_tokens: number; }; }[]' is not assignable to parameter of type 'LLMModel[]'.
  Type '{ api_identifier: string; display_name: string; client_type: string; parameters: { default_temperature: number; max_tokens: number; }; }' is not assignable to type 'LLMModel'.
    Types of property 'client_type' are incompatible.
      Type 'string' is not assignable to type '"openai" | "mistral"'.
src/__tests__/useSSEStreaming.test.ts(7,33): error TS2307: Cannot find module '@/hooks/useSSEStreaming' or its corresponding type declarations.
src/__tests__/useSSEStreaming.test.ts(8,36): error TS2307: Cannot find module '@/store/generationStore' or its corresponding type declarations.
src/components/context/ContextDetail.test.tsx(119,30): error TS6133: 'content' is declared but its value is never read.
src/components/context/ContextDetail.tsx(278,33): error TS18048: 'data' is possibly 'undefined'.
src/components/context/ContextOptimizeModal.tsx(201,49): error TS2339: Property 'text' does not exist on type '{ readonly background: "#404040"; readonly color: "rgba(255, 255, 255, 0.87)"; readonly border: "#505050"; }'.
src/components/context/ContextOptimizeModal.tsx(306,47): error TS2339: Property 'text' does not exist on type '{ readonly background: "#007bff"; readonly color: "#ffffff"; readonly hover: { readonly background: "#0056b3"; }; }'.
src/components/context/ContextOptimizeModal.tsx(355,47): error TS2339: Property 'text' does not exist on type '{ readonly background: "#007bff"; readonly color: "#ffffff"; readonly hover: { readonly background: "#0056b3"; }; }'.
src/components/context/ContextTokenBudgetSection.tsx(149,74): error TS2339: Property 'text' does not exist on type '{ readonly background: "#007bff"; readonly color: "#ffffff"; readonly hover: { readonly background: "#0056b3"; }; }'.
src/components/estimation/EstimationBadge.tsx(84,65): error TS2339: Property 'error' does not exist on type '{ readonly primary: "rgba(255, 255, 255, 0.95)"; readonly secondary: "rgba(255, 255, 255, 0.75)"; readonly tertiary: "rgba(255, 255, 255, 0.55)"; readonly inverse: "#213547"; }'.
src/components/estimation/EstimationBadge.tsx(130,61): error TS2339: Property 'warning' does not exist on type '{ readonly primary: "rgba(255, 255, 255, 0.95)"; readonly secondary: "rgba(255, 255, 255, 0.75)"; readonly tertiary: "rgba(255, 255, 255, 0.55)"; readonly inverse: "#213547"; }'.
src/components/estimation/EstimationBadge.tsx(135,61): error TS2339: Property 'error' does not exist on type '{ readonly primary: "rgba(255, 255, 255, 0.95)"; readonly secondary: "rgba(255, 255, 255, 0.75)"; readonly tertiary: "rgba(255, 255, 255, 0.55)"; readonly inverse: "#213547"; }'.
src/components/generation/__tests__/GenerationPanel.integration.test.tsx(373,42): error TS2352: Conversion of type '{ authorProfile: null; updateProfile: Mock<Procedure>; }' to type '{ authorProfile: string; savedProfile: string | null; isLoading: boolean; error: string | null; saveProfile: (profile: string) => void; restore: () => void; updateProfile: (profile: string) => void; }' may be a mistake because neither type sufficiently overlaps with the other. If this was intentional, convert the expression to 'unknown' first.
  Type '{ authorProfile: null; updateProfile: Mock<Procedure>; }' is missing the following properties from type '{ authorProfile: string; savedProfile: string | null; isLoading: boolean; error: string | null; saveProfile: (profile: string) => void; restore: () => void; updateProfile: (profile: string) => void; }': savedProfile, isLoading, error, saveProfile, restore
src/components/generation/__tests__/GenerationPanel.integration.test.tsx(378,43): error TS2352: Conversion of type '{ checkBudget: Mock<Procedure>; }' to type 'UseCostGovernanceReturn' may be a mistake because neither type sufficiently overlaps with the other. If this was intentional, convert the expression to 'unknown' first.
  Type '{ checkBudget: Mock<Procedure>; }' is missing the following properties from type 'UseCostGovernanceReturn': budget, loadBudget, loading
src/components/generation/__tests__/GenerationPanel.integration.test.tsx(383,51): error TS2352: Conversion of type '{ models: { id: string; name: string; provider: string; }[]; }' to type 'LLMModelsListResponse' may be a mistake because neither type sufficiently overlaps with the other. If this was intentional, convert the expression to 'unknown' first.
  Property 'total' is missing in type '{ models: { id: string; name: string; provider: string; }[]; }' but required in type 'LLMModelsListResponse'.
src/components/generation/__tests__/GenerationPanel.integration.test.tsx(399,54): error TS2352: Conversion of type '{ token_count: number; }' to type 'PreviewPromptResponse' may be a mistake because neither type sufficiently overlaps with the other. If this was intentional, convert the expression to 'unknown' first.
  Type '{ token_count: number; }' is missing the following properties from type 'PreviewPromptResponse': raw_prompt, prompt_hash
src/components/generation/__tests__/GenerationPanel.integration.test.tsx(405,26): error TS2352: Conversion of type 'Mock<(url: string) => MockEventSource>' to type '{ new (url: string | URL, eventSourceInitDict?: EventSourceInit | undefined): EventSource; prototype: EventSource; readonly CONNECTING: 0; readonly OPEN: 1; readonly CLOSED: 2; }' may be a mistake because neither type sufficiently overlaps with the other. If this was intentional, convert the expression to 'unknown' first.
  Type 'MockInstance<(url: string) => MockEventSource> & { (url: string): MockEventSource; new (url: string): MockEventSource; } & {}' is missing the following properties from type '{ new (url: string | URL, eventSourceInitDict?: EventSourceInit | undefined): EventSource; prototype: EventSource; readonly CONNECTING: 0; readonly OPEN: 1; readonly CLOSED: 2; }': CONNECTING, OPEN, CLOSED
src/components/generation/__tests__/GenerationPanel.integration.test.tsx(406,24): error TS2352: Conversion of type 'EventSource' to type 'MockEventSource' may be a mistake because neither type sufficiently overlaps with the other. If this was intentional, convert the expression to 'unknown' first.
  Type 'EventSource' is missing the following properties from type 'MockEventSource': simulateMessage, simulateError
src/components/generation/__tests__/GenerationPanel.integration.test.tsx(428,9): error TS2698: Spread types may only be created from object types.
src/components/generation/__tests__/GenerationPanel.integration.test.tsx(428,12): error TS2554: Expected 2 arguments, but got 0.
src/components/generation/__tests__/GenerationPanel.integration.test.tsx(438,9): error TS2698: Spread types may only be created from object types.
src/components/generation/__tests__/GenerationPanel.integration.test.tsx(438,12): error TS2554: Expected 2 arguments, but got 0.
src/components/generation/__tests__/GenerationPanel.integration.test.tsx(440,14): error TS2554: Expected 2 arguments, but got 0.
src/components/generation/__tests__/GenerationPanel.integration.test.tsx(440,14): error TS2571: Object is of type 'unknown'.
src/components/generation/GenerationPanel.tsx(122,5): error TS2322: Type '(profile: string) => void' is not assignable to type '(profile: unknown) => void'.
  Types of parameters 'profile' and 'profile' are incompatible.
    Type 'unknown' is not assignable to type 'string'.
src/components/generation/GenerationPanel.tsx(372,11): error TS2322: Type '() => Record<string, unknown>' is not assignable to type '() => PresetConfiguration'.
  Type 'Record<string, unknown>' is missing the following properties from type 'PresetConfiguration': characters, locations, region, sceneType, instructions
src/components/generation/GenerationPanel.tsx(482,38): error TS2345: Argument of type '"low" | "medium" | "high" | "xhigh" | "minimal" | null' is not assignable to parameter of type 'SetStateAction<"none" | "low" | "medium" | "high" | "xhigh" | null>'.
  Type '"minimal"' is not assignable to type 'SetStateAction<"none" | "low" | "medium" | "high" | "xhigh" | null>'.
src/components/generation/GraphView.tsx(165,23): error TS2345: Argument of type 'string | undefined' is not assignable to parameter of type 'string'.
  Type 'undefined' is not assignable to type 'string'.
src/components/generation/PromptsTab.tsx(55,34): error TS2339: Property 'error' does not exist on type '{ readonly background: { readonly primary: "#1a1a1a"; readonly secondary: "#242424"; readonly tertiary: "#2d2d2d"; readonly panel: "#2a2a2a"; readonly panelHeader: "#333333"; }; readonly border: { ...; }; readonly text: { ...; }; readonly button: { ...; }; readonly input: { ...; }; readonly state: { ...; }; }'.
src/components/generation/PromptsTab.tsx(56,24): error TS2339: Property 'error' does not exist on type '{ readonly background: { readonly primary: "#1a1a1a"; readonly secondary: "#242424"; readonly tertiary: "#2d2d2d"; readonly panel: "#2a2a2a"; readonly panelHeader: "#333333"; }; readonly border: { ...; }; readonly text: { ...; }; readonly button: { ...; }; readonly input: { ...; }; readonly state: { ...; }; }'.
src/components/generation/StructuredPromptView.tsx(4,8): error TS6133: 'React' is declared but its value is never read.
src/components/generation/UnityDialogueViewer.test.tsx(27,9): error TS2739: Type '{ json_content: string; title: string; estimated_tokens: number; }' is missing the following properties from type 'GenerateUnityDialogueResponse': raw_prompt, prompt_hash
src/components/generation/UnityDialogueViewer.test.tsx(82,11): error TS2739: Type '{ json_content: string; title: string; estimated_tokens: number; }' is missing the following properties from type 'GenerateUnityDialogueResponse': raw_prompt, prompt_hash
src/components/generation/UnityDialogueViewer.test.tsx(94,11): error TS2739: Type '{ json_content: string; title: string; estimated_tokens: number; }' is missing the following properties from type 'GenerateUnityDialogueResponse': raw_prompt, prompt_hash
src/components/generation/UnityDialogueViewer.test.tsx(165,11): error TS2739: Type '{ json_content: string; title: string; estimated_tokens: number; }' is missing the following properties from type 'GenerateUnityDialogueResponse': raw_prompt, prompt_hash
src/components/generation/UnityDialogueViewer.test.tsx(198,11): error TS2739: Type '{ json_content: string; title: string; estimated_tokens: number; }' is missing the following properties from type 'GenerateUnityDialogueResponse': raw_prompt, prompt_hash
src/components/generation/UnityDialogueViewer.test.tsx(216,11): error TS2739: Type '{ json_content: string; title: string; estimated_tokens: number; }' is missing the following properties from type 'GenerateUnityDialogueResponse': raw_prompt, prompt_hash
src/components/generation/UnityDialogueViewer.tsx(327,60): error TS2339: Property 'accent' does not exist on type '{ readonly background: { readonly primary: "#1a1a1a"; readonly secondary: "#242424"; readonly tertiary: "#2d2d2d"; readonly panel: "#2a2a2a"; readonly panelHeader: "#333333"; }; readonly border: { ...; }; readonly text: { ...; }; readonly button: { ...; }; readonly input: { ...; }; readonly state: { ...; }; }'.
src/components/generation/UnityDialogueViewer.tsx(505,18): error TS2339: Property 'prompt_used' does not exist on type 'GenerateUnityDialogueResponse'.
src/components/generation/UnityDialogueViewer.tsx(516,40): error TS2339: Property 'error' does not exist on type '{ readonly background: { readonly primary: "#1a1a1a"; readonly secondary: "#242424"; readonly tertiary: "#2d2d2d"; readonly panel: "#2a2a2a"; readonly panelHeader: "#333333"; }; readonly border: { ...; }; readonly text: { ...; }; readonly button: { ...; }; readonly input: { ...; }; readonly state: { ...; }; }'.
src/components/graph/AIGenerationPanel.tsx(205,33): error TS2352: Conversion of type 'ContextSelection' to type 'Record<string, unknown>' may be a mistake because neither type sufficiently overlaps with the other. If this was intentional, convert the expression to 'unknown' first.
  Index signature for type 'string' is missing in type 'ContextSelection'.
src/components/graph/GraphCanvas.tsx(176,36): error TS2345: Argument of type 'string | null | undefined' is not assignable to parameter of type 'string | undefined'.
  Type 'null' is not assignable to type 'string | undefined'.
src/components/graph/GraphCanvas.tsx(455,9): error TS2322: Type 'string | null | undefined' is not assignable to type 'string | undefined'.
  Type 'null' is not assignable to type 'string | undefined'.
src/components/graph/NodeEditorPanel.tsx(516,33): error TS2352: Conversion of type 'ContextSelection' to type 'Record<string, unknown>' may be a mistake because neither type sufficiently overlaps with the other. If this was intentional, convert the expression to 'unknown' first.
  Index signature for type 'string' is missing in type 'ContextSelection'.
src/components/graph/NodeEditorPanel.tsx(1080,39): error TS2339: Property 'selectedNode' does not exist on type 'GraphState'.
src/components/graph/NodeEditorPanel.tsx(1103,7): error TS2322: Type '{ targetNode: string | undefined; testCriticalFailureNode: string | undefined; testFailureNode: string | undefined; testSuccessNode: string | undefined; testCriticalSuccessNode: string | undefined; ... 8 more ...; respectDelta?: number | undefined; }[]' is not assignable to type '{ text: string; choiceId?: string | undefined; targetNode?: string | undefined; condition?: string | undefined; traitRequirements?: { trait: string; minValue: number; }[] | undefined; test?: string | undefined; ... 7 more ...; respectDelta?: number | undefined; }[]'.
  Type '{ targetNode: string | undefined; testCriticalFailureNode: string | undefined; testFailureNode: string | undefined; testSuccessNode: string | undefined; testCriticalSuccessNode: string | undefined; ... 8 more ...; respectDelta?: number | undefined; }' is not assignable to type '{ text: string; choiceId?: string | undefined; targetNode?: string | undefined; condition?: string | undefined; traitRequirements?: { trait: string; minValue: number; }[] | undefined; test?: string | undefined; ... 7 more ...; respectDelta?: number | undefined; }'.
    Types of property 'text' are incompatible.
      Type 'string | undefined' is not assignable to type 'string'.
        Type 'undefined' is not assignable to type 'string'.
src/components/shared/WarningBanner.tsx(27,50): error TS2339: Property 'border' does not exist on type '{ readonly background: "#3a3a1a"; readonly color: "#ffd43b"; }'.
src/components/shared/WarningBanner.tsx(80,54): error TS2339: Property 'border' does not exist on type '{ readonly background: "#3a3a1a"; readonly color: "#ffd43b"; }'.
src/components/usage/GenerationLogsPanel.tsx(125,15): error TS2345: Argument of type 'string' is not assignable to parameter of type 'BlobPart[]'.
src/hooks/useGenerationDraft.ts(218,22): error TS2345: Argument of type 'number | null' is not assignable to parameter of type 'number'.
  Type 'null' is not assignable to type 'number'.
src/hooks/useGenerationDraft.ts(246,31): error TS2345: Argument of type '{} | null' is not assignable to parameter of type 'ContextSelection'.
  Type 'null' is not assignable to type 'ContextSelection'.
src/hooks/useGenerationOrchestrator.ts(127,11): error TS18046: 'result' is of type 'unknown'.
src/hooks/useGenerationOrchestrator.ts(129,30): error TS18046: 'result' is of type 'unknown'.
src/hooks/useGenerationOrchestrator.ts(168,5): error TS2322: Type '(params: { userInstructions: string; maxContextTokens: number; maxCompletionTokens: number | null; llmModel: string; reasoningEffort: "none" | "low" | "medium" | "high" | "xhigh" | null; ... 5 more ...; availableModels: LLMModelResponse[]; }) => GenerateUnityDialogueRequest' is not assignable to type '(params: unknown) => unknown'.
  Types of parameters 'params' and 'params' are incompatible.
    Type 'unknown' is not assignable to type '{ userInstructions: string; maxContextTokens: number; maxCompletionTokens: number | null; llmModel: string; reasoningEffort: "none" | "low" | "medium" | "high" | "xhigh" | null; topP: number | null; ... 4 more ...; availableModels: LLMModelResponse[]; }'.
src/hooks/useGenerationRequest.test.tsx(75,20): error TS1355: A 'const' assertions can only be applied to references to enum members, or string, number, boolean, array, or object literals.
src/hooks/useGenerationRequest.ts(173,7): error TS2353: Object literal may only specify known properties, and 'field_configs' does not exist in type 'GenerateUnityDialogueRequest'.
src/hooks/useReactFlowHandlers.ts(310,9): error TS2322: Type 'string | null' is not assignable to type 'string'.
  Type 'null' is not assignable to type 'string'.
src/hooks/useSSEStreaming.ts(201,41): error TS2339: Property 'catch' does not exist on type 'void | Promise<void>'.
  Property 'catch' does not exist on type 'void'.
src/hooks/useSSEStreaming.ts(201,48): error TS7006: Parameter 'err' implicitly has an 'any' type.
src/hooks/useTokenEstimation.ts(167,57): error TS2345: Argument of type 'PromptStateParams' is not assignable to parameter of type 'PreviewPromptRequest'.
  Types of property 'context_selections' are incompatible.
    Type 'unknown' is not assignable to type 'ContextSelection'.
src/store/contextConfigStore.ts(213,66): error TS2367: This comparison appears to be unintentional because the types 'boolean | undefined' and 'string' have no overlap.
src/store/contextConfigStore.ts(214,64): error TS2367: This comparison appears to be unintentional because the types 'boolean | undefined' and 'string' have no overlap.
src/store/contextConfigStore.ts(240,66): error TS2367: This comparison appears to be unintentional because the types 'boolean | undefined' and 'string' have no overlap.
src/store/contextConfigStore.ts(241,64): error TS2367: This comparison appears to be unintentional because the types 'boolean | undefined' and 'string' have no overlap.
src/store/contextRulesStore.test.ts(8,28): error TS6196: 'CreateRuleRequest' is declared but never used.
src/store/contextRulesStore.test.ts(8,47): error TS6196: 'RuleCondition' is declared but never used.
src/store/slices/edgeSlice.ts(364,9): error TS2322: Type 'string | null | undefined' is not assignable to type 'string | undefined'.
  Type 'null' is not assignable to type 'string | undefined'.
src/store/slices/persistenceSlice.ts(305,11): error TS2345: Argument of type 'Record<string, unknown> | LayoutPositions' is not assignable to parameter of type 'Record<string, unknown> | null | undefined'.
  Type 'LayoutPositions' is not assignable to type 'Record<string, unknown>'.
    Index signature for type 'string' is missing in type 'LayoutPositions'.
src/store/slices/undoSlice.ts(24,91): error TS2739: Type '{ undo: () => void; redo: () => void; canUndo: () => boolean; canRedo: () => boolean; _pushUndoSnapshot: () => void; clearUndoHistory: () => void; }' is missing the following properties from type 'UndoSlice': undoStack, redoStack
src/store/syncStore.ts(23,3): error TS2322: Type '() => Promise<{ success: true; last_sync: string | null; error?: undefined; } | { success: false; error: string; last_sync?: undefined; }>' is not assignable to type '() => Promise<{ success: boolean; last_sync?: string | undefined; error?: string | undefined; }>'.
  Type 'Promise<{ success: true; last_sync: string | null; error?: undefined; } | { success: false; error: string; last_sync?: undefined; }>' is not assignable to type 'Promise<{ success: boolean; last_sync?: string | undefined; error?: string | undefined; }>'.
    Type '{ success: true; last_sync: string | null; error?: undefined; } | { success: false; error: string; last_sync?: undefined; }' is not assignable to type '{ success: boolean; last_sync?: string | undefined; error?: string | undefined; }'.
      Type '{ success: true; last_sync: string | null; error?: undefined; }' is not assignable to type '{ success: boolean; last_sync?: string | undefined; error?: string | undefined; }'.
        Types of property 'last_sync' are incompatible.
          Type 'string | null' is not assignable to type 'string | undefined'.
            Type 'null' is not assignable to type 'string | undefined'.
src/utils/documentToGraph.ts(316,37): error TS2339: Property 'length' does not exist on type '{}'.
src/utils/graphExport.ts(102,29): error TS2552: Cannot find name 'reactFlowInstance'. Did you mean '_reactFlowInstance'?
src/utils/graphExport.ts(105,5): error TS2552: Cannot find name 'reactFlowInstance'. Did you mean '_reactFlowInstance'?
src/utils/graphExport.ts(111,28): error TS2552: Cannot find name 'reactFlowInstance'. Did you mean '_reactFlowInstance'?
src/utils/graphExport.ts(114,5): error TS2552: Cannot find name 'reactFlowInstance'. Did you mean '_reactFlowInstance'?
src/utils/testNodeSync.ts(264,3): error TS6133: 'dialogueNodeId' is declared but its value is never read.
src/utils/testNodeSync.ts(265,3): error TS6133: 'choiceIndex' is declared but its value is never read.
